Archive member included to satisfy reference by file (symbol)

./libcan.a(at90can.o)         build/can_wrapper.o (can_init)
./libcan.a(at90can_buffer.o)  build/main.o (can_check_message)
./libcan.a(at90can_disable_dyn_filter.o)
                              ./libcan.a(at90can.o) (can_disable_filter)
./libcan.a(at90can_set_dyn_filter.o)
                              build/can_wrapper.o (can_set_filter)
./libcan.a(at90can_send_message.o)
                              ./libcan.a(at90can.o) (at90can_copy_message_to_mob)
./libcan.a(at90can_send_buf_message.o)
                              build/main.o (can_send_message)
./libcan.a(at90can_get_message.o)
                              ./libcan.a(at90can.o) (at90can_copy_mob_to_message)
./libcan.a(at90can_get_buf_message.o)
                              build/main.o (can_get_message)
./libcan.a(can_buffer.o)      ./libcan.a(at90can.o) (can_buffer_init)
/usr/lib/gcc/avr/6.3.0/avr51/libgcc.a(_exit.o)
                              /usr/lib/gcc/avr/6.3.0/../../../../avr/lib/avr51/crtat90can128.o (exit)
/usr/lib/gcc/avr/6.3.0/avr51/libgcc.a(_clear_bss.o)
                              build/main.o (__do_clear_bss)

Allocating common symbols
Common symbol       size              file

can_tx_list         0x70              ./libcan.a(at90can.o)
can_tx_buffer       0x6               ./libcan.a(at90can.o)
can_rx_list         0xe0              ./libcan.a(at90can.o)
can_rx_buffer       0x6               ./libcan.a(at90can.o)

Memory Configuration

Name             Origin             Length             Attributes
text             0x0000000000000000 0x0000000000020000 xr
data             0x0000000000800100 0x000000000000ff00 rw !x
eeprom           0x0000000000810000 0x0000000000010000 rw !x
fuse             0x0000000000820000 0x0000000000000400 rw !x
lock             0x0000000000830000 0x0000000000000400 rw !x
signature        0x0000000000840000 0x0000000000000400 rw !x
user_signatures  0x0000000000850000 0x0000000000000400 rw !x
*default*        0x0000000000000000 0xffffffffffffffff

Linker script and memory map

Address of section .data set to 0x800100
LOAD /usr/lib/gcc/avr/6.3.0/../../../../avr/lib/avr51/crtat90can128.o
LOAD build/main.o
LOAD build/can_wrapper.o
LOAD /usr/lib/gcc/avr/6.3.0/../../../../avr/lib/avr51/libm.a
LOAD ./libcan.a
START GROUP
LOAD /usr/lib/gcc/avr/6.3.0/avr51/libgcc.a
LOAD /usr/lib/gcc/avr/6.3.0/../../../../avr/lib/avr51/libm.a
LOAD /usr/lib/gcc/avr/6.3.0/../../../../avr/lib/avr51/libc.a
LOAD /usr/lib/gcc/avr/6.3.0/../../../../avr/lib/avr51/libat90can128.a
END GROUP
                0x0000000000020000                __TEXT_REGION_LENGTH__ = DEFINED (__TEXT_REGION_LENGTH__)?__TEXT_REGION_LENGTH__:0x20000
                0x000000000000ff00                __DATA_REGION_LENGTH__ = DEFINED (__DATA_REGION_LENGTH__)?__DATA_REGION_LENGTH__:0xff00
                0x0000000000010000                __EEPROM_REGION_LENGTH__ = DEFINED (__EEPROM_REGION_LENGTH__)?__EEPROM_REGION_LENGTH__:0x10000
                0x0000000000000400                __FUSE_REGION_LENGTH__ = DEFINED (__FUSE_REGION_LENGTH__)?__FUSE_REGION_LENGTH__:0x400
                0x0000000000000400                __LOCK_REGION_LENGTH__ = DEFINED (__LOCK_REGION_LENGTH__)?__LOCK_REGION_LENGTH__:0x400
                0x0000000000000400                __SIGNATURE_REGION_LENGTH__ = DEFINED (__SIGNATURE_REGION_LENGTH__)?__SIGNATURE_REGION_LENGTH__:0x400
                0x0000000000000400                __USER_SIGNATURE_REGION_LENGTH__ = DEFINED (__USER_SIGNATURE_REGION_LENGTH__)?__USER_SIGNATURE_REGION_LENGTH__:0x400

.hash
 *(.hash)

.dynsym
 *(.dynsym)

.dynstr
 *(.dynstr)

.gnu.version
 *(.gnu.version)

.gnu.version_d
 *(.gnu.version_d)

.gnu.version_r
 *(.gnu.version_r)

.rel.init
 *(.rel.init)

.rela.init
 *(.rela.init)

.rel.text
 *(.rel.text)
 *(.rel.text.*)
 *(.rel.gnu.linkonce.t*)

.rela.text
 *(.rela.text)
 *(.rela.text.*)
 *(.rela.gnu.linkonce.t*)

.rel.fini
 *(.rel.fini)

.rela.fini
 *(.rela.fini)

.rel.rodata
 *(.rel.rodata)
 *(.rel.rodata.*)
 *(.rel.gnu.linkonce.r*)

.rela.rodata
 *(.rela.rodata)
 *(.rela.rodata.*)
 *(.rela.gnu.linkonce.r*)

.rel.data
 *(.rel.data)
 *(.rel.data.*)
 *(.rel.gnu.linkonce.d*)

.rela.data
 *(.rela.data)
 *(.rela.data.*)
 *(.rela.gnu.linkonce.d*)

.rel.ctors
 *(.rel.ctors)

.rela.ctors
 *(.rela.ctors)

.rel.dtors
 *(.rel.dtors)

.rela.dtors
 *(.rela.dtors)

.rel.got
 *(.rel.got)

.rela.got
 *(.rela.got)

.rel.bss
 *(.rel.bss)

.rela.bss
 *(.rela.bss)

.rel.plt
 *(.rel.plt)

.rela.plt
 *(.rela.plt)

.text           0x0000000000000000      0xa2a
 *(.vectors)
 .vectors       0x0000000000000000       0x94 /usr/lib/gcc/avr/6.3.0/../../../../avr/lib/avr51/crtat90can128.o
                0x0000000000000000                __vectors
                0x0000000000000000                __vector_default
 *(.vectors)
 *(.progmem.gcc*)
                0x0000000000000094                . = ALIGN (0x2)
                0x0000000000000094                __trampolines_start = .
 *(.trampolines)
 .trampolines   0x0000000000000094        0x0 linker stubs
 *(.trampolines*)
                0x0000000000000094                __trampolines_end = .
 *libprintf_flt.a:*(.progmem.data)
 *libc.a:*(.progmem.data)
 *(.progmem*)
 .progmem.data  0x0000000000000094       0x18 ./libcan.a(at90can.o)
                0x0000000000000094                _at90can_cnf
                0x00000000000000ac                . = ALIGN (0x2)
 *(.jumptables)
 *(.jumptables*)
 *(.lowtext)
 *(.lowtext*)
                0x00000000000000ac                __ctors_start = .
 *(.ctors)
                0x00000000000000ac                __ctors_end = .
                0x00000000000000ac                __dtors_start = .
 *(.dtors)
                0x00000000000000ac                __dtors_end = .
 SORT(*)(.ctors)
 SORT(*)(.dtors)
 *(.init0)
 .init0         0x00000000000000ac        0x0 /usr/lib/gcc/avr/6.3.0/../../../../avr/lib/avr51/crtat90can128.o
                0x00000000000000ac                __init
 *(.init0)
 *(.init1)
 *(.init1)
 *(.init2)
 .init2         0x00000000000000ac        0xc /usr/lib/gcc/avr/6.3.0/../../../../avr/lib/avr51/crtat90can128.o
 *(.init2)
 *(.init3)
 *(.init3)
 *(.init4)
 .init4         0x00000000000000b8       0x10 /usr/lib/gcc/avr/6.3.0/avr51/libgcc.a(_clear_bss.o)
                0x00000000000000b8                __do_clear_bss
 *(.init4)
 *(.init5)
 *(.init5)
 *(.init6)
 *(.init6)
 *(.init7)
 *(.init7)
 *(.init8)
 *(.init8)
 *(.init9)
 .init9         0x00000000000000c8        0x8 /usr/lib/gcc/avr/6.3.0/../../../../avr/lib/avr51/crtat90can128.o
 *(.init9)
 *(.text)
 .text          0x00000000000000d0        0x4 /usr/lib/gcc/avr/6.3.0/../../../../avr/lib/avr51/crtat90can128.o
                0x00000000000000d0                __vector_22
                0x00000000000000d0                __vector_28
                0x00000000000000d0                __vector_1
                0x00000000000000d0                __vector_32
                0x00000000000000d0                __vector_34
                0x00000000000000d0                __vector_24
                0x00000000000000d0                __vector_12
                0x00000000000000d0                __bad_interrupt
                0x00000000000000d0                __vector_6
                0x00000000000000d0                __vector_31
                0x00000000000000d0                __vector_35
                0x00000000000000d0                __vector_3
                0x00000000000000d0                __vector_23
                0x00000000000000d0                __vector_30
                0x00000000000000d0                __vector_25
                0x00000000000000d0                __vector_11
                0x00000000000000d0                __vector_13
                0x00000000000000d0                __vector_17
                0x00000000000000d0                __vector_7
                0x00000000000000d0                __vector_27
                0x00000000000000d0                __vector_5
                0x00000000000000d0                __vector_33
                0x00000000000000d0                __vector_4
                0x00000000000000d0                __vector_9
                0x00000000000000d0                __vector_2
                0x00000000000000d0                __vector_21
                0x00000000000000d0                __vector_15
                0x00000000000000d0                __vector_36
                0x00000000000000d0                __vector_29
                0x00000000000000d0                __vector_8
                0x00000000000000d0                __vector_26
                0x00000000000000d0                __vector_14
                0x00000000000000d0                __vector_10
                0x00000000000000d0                __vector_16
                0x00000000000000d0                __vector_20
 .text          0x00000000000000d4        0x0 build/main.o
 .text          0x00000000000000d4       0xae build/can_wrapper.o
                0x00000000000000d4                can_wrapper_init
                0x0000000000000120                can_wrapper_send
 .text          0x0000000000000182      0x224 ./libcan.a(at90can.o)
                0x0000000000000182                _find_free_mob
                0x00000000000001aa                _disable_mob_interrupt
                0x00000000000001ec                _enable_mob_interrupt
                0x0000000000000226                can_init
                0x00000000000002a2                __vector_18
                0x0000000000000392                __vector_19
 .text          0x00000000000003a6       0x1c ./libcan.a(at90can_buffer.o)
                0x00000000000003a6                can_check_message
                0x00000000000003b4                can_check_free_buffer
 .text          0x00000000000003c2       0x9c ./libcan.a(at90can_disable_dyn_filter.o)
                0x00000000000003c2                can_disable_filter
 .text          0x000000000000045e      0x1c2 ./libcan.a(at90can_set_dyn_filter.o)
                0x000000000000045e                can_set_filter
 .text          0x0000000000000620      0x110 ./libcan.a(at90can_send_message.o)
                0x0000000000000620                at90can_copy_message_to_mob
                0x00000000000006dc                at90can_send_message
 .text          0x0000000000000730       0x62 ./libcan.a(at90can_send_buf_message.o)
                0x0000000000000730                can_send_message
 .text          0x0000000000000792      0x11c ./libcan.a(at90can_get_message.o)
                0x0000000000000792                at90can_copy_mob_to_message
                0x000000000000084e                at90can_get_message
 .text          0x00000000000008ae       0x34 ./libcan.a(at90can_get_buf_message.o)
                0x00000000000008ae                can_get_message
 .text          0x00000000000008e2       0xce ./libcan.a(can_buffer.o)
                0x00000000000008e2                can_buffer_init
                0x00000000000008f8                can_buffer_empty
                0x000000000000090a                can_buffer_full
                0x0000000000000920                can_buffer_get_enqueue_ptr
                0x000000000000094a                can_buffer_enqueue
                0x0000000000000968                can_buffer_get_dequeue_ptr
                0x0000000000000992                can_buffer_dequeue
 .text          0x00000000000009b0        0x0 /usr/lib/gcc/avr/6.3.0/avr51/libgcc.a(_exit.o)
 .text          0x00000000000009b0        0x0 /usr/lib/gcc/avr/6.3.0/avr51/libgcc.a(_clear_bss.o)
                0x00000000000009b0                . = ALIGN (0x2)
 *(.text.*)
 .text.startup  0x00000000000009b0       0x76 build/main.o
                0x00000000000009b0                main
 .text.libgcc.mul
                0x0000000000000a26        0x0 /usr/lib/gcc/avr/6.3.0/avr51/libgcc.a(_exit.o)
 .text.libgcc.div
                0x0000000000000a26        0x0 /usr/lib/gcc/avr/6.3.0/avr51/libgcc.a(_exit.o)
 .text.libgcc   0x0000000000000a26        0x0 /usr/lib/gcc/avr/6.3.0/avr51/libgcc.a(_exit.o)
 .text.libgcc.prologue
                0x0000000000000a26        0x0 /usr/lib/gcc/avr/6.3.0/avr51/libgcc.a(_exit.o)
 .text.libgcc.builtins
                0x0000000000000a26        0x0 /usr/lib/gcc/avr/6.3.0/avr51/libgcc.a(_exit.o)
 .text.libgcc.fmul
                0x0000000000000a26        0x0 /usr/lib/gcc/avr/6.3.0/avr51/libgcc.a(_exit.o)
 .text.libgcc.fixed
                0x0000000000000a26        0x0 /usr/lib/gcc/avr/6.3.0/avr51/libgcc.a(_exit.o)
 .text.libgcc.mul
                0x0000000000000a26        0x0 /usr/lib/gcc/avr/6.3.0/avr51/libgcc.a(_clear_bss.o)
 .text.libgcc.div
                0x0000000000000a26        0x0 /usr/lib/gcc/avr/6.3.0/avr51/libgcc.a(_clear_bss.o)
 .text.libgcc   0x0000000000000a26        0x0 /usr/lib/gcc/avr/6.3.0/avr51/libgcc.a(_clear_bss.o)
 .text.libgcc.prologue
                0x0000000000000a26        0x0 /usr/lib/gcc/avr/6.3.0/avr51/libgcc.a(_clear_bss.o)
 .text.libgcc.builtins
                0x0000000000000a26        0x0 /usr/lib/gcc/avr/6.3.0/avr51/libgcc.a(_clear_bss.o)
 .text.libgcc.fmul
                0x0000000000000a26        0x0 /usr/lib/gcc/avr/6.3.0/avr51/libgcc.a(_clear_bss.o)
 .text.libgcc.fixed
                0x0000000000000a26        0x0 /usr/lib/gcc/avr/6.3.0/avr51/libgcc.a(_clear_bss.o)
                0x0000000000000a26                . = ALIGN (0x2)
 *(.fini9)
 .fini9         0x0000000000000a26        0x0 /usr/lib/gcc/avr/6.3.0/avr51/libgcc.a(_exit.o)
                0x0000000000000a26                exit
                0x0000000000000a26                _exit
 *(.fini9)
 *(.fini8)
 *(.fini8)
 *(.fini7)
 *(.fini7)
 *(.fini6)
 *(.fini6)
 *(.fini5)
 *(.fini5)
 *(.fini4)
 *(.fini4)
 *(.fini3)
 *(.fini3)
 *(.fini2)
 *(.fini2)
 *(.fini1)
 *(.fini1)
 *(.fini0)
 .fini0         0x0000000000000a26        0x4 /usr/lib/gcc/avr/6.3.0/avr51/libgcc.a(_exit.o)
 *(.fini0)
                0x0000000000000a2a                _etext = .

.data           0x0000000000800100        0x0 load address 0x0000000000000a2a
                [!provide]                        PROVIDE (__data_start, .)
 *(.data)
 .data          0x0000000000800100        0x0 /usr/lib/gcc/avr/6.3.0/../../../../avr/lib/avr51/crtat90can128.o
 .data          0x0000000000800100        0x0 build/main.o
 .data          0x0000000000800100        0x0 build/can_wrapper.o
 .data          0x0000000000800100        0x0 ./libcan.a(at90can.o)
 .data          0x0000000000800100        0x0 ./libcan.a(at90can_buffer.o)
 .data          0x0000000000800100        0x0 ./libcan.a(at90can_disable_dyn_filter.o)
 .data          0x0000000000800100        0x0 ./libcan.a(at90can_set_dyn_filter.o)
 .data          0x0000000000800100        0x0 ./libcan.a(at90can_send_message.o)
 .data          0x0000000000800100        0x0 ./libcan.a(at90can_send_buf_message.o)
 .data          0x0000000000800100        0x0 ./libcan.a(at90can_get_message.o)
 .data          0x0000000000800100        0x0 ./libcan.a(at90can_get_buf_message.o)
 .data          0x0000000000800100        0x0 ./libcan.a(can_buffer.o)
 .data          0x0000000000800100        0x0 /usr/lib/gcc/avr/6.3.0/avr51/libgcc.a(_exit.o)
 .data          0x0000000000800100        0x0 /usr/lib/gcc/avr/6.3.0/avr51/libgcc.a(_clear_bss.o)
 *(.data*)
 *(.rodata)
 *(.rodata*)
 *(.gnu.linkonce.d*)
                0x0000000000800100                . = ALIGN (0x2)
                0x0000000000800100                _edata = .
                [!provide]                        PROVIDE (__data_end, .)

.bss            0x0000000000800100      0x15f
                0x0000000000800100                PROVIDE (__bss_start, .)
 *(.bss)
 .bss           0x0000000000800100        0x0 /usr/lib/gcc/avr/6.3.0/../../../../avr/lib/avr51/crtat90can128.o
 .bss           0x0000000000800100        0x2 build/main.o
                0x0000000000800100                state
                0x0000000000800101                lastState
 .bss           0x0000000000800102        0x0 build/can_wrapper.o
 .bss           0x0000000000800102        0x1 ./libcan.a(at90can.o)
                0x0000000000800102                _transmission_in_progress
 .bss           0x0000000000800103        0x0 ./libcan.a(at90can_buffer.o)
 .bss           0x0000000000800103        0x0 ./libcan.a(at90can_disable_dyn_filter.o)
 .bss           0x0000000000800103        0x0 ./libcan.a(at90can_set_dyn_filter.o)
 .bss           0x0000000000800103        0x0 ./libcan.a(at90can_send_message.o)
 .bss           0x0000000000800103        0x0 ./libcan.a(at90can_send_buf_message.o)
 .bss           0x0000000000800103        0x0 ./libcan.a(at90can_get_message.o)
 .bss           0x0000000000800103        0x0 ./libcan.a(at90can_get_buf_message.o)
 .bss           0x0000000000800103        0x0 ./libcan.a(can_buffer.o)
 .bss           0x0000000000800103        0x0 /usr/lib/gcc/avr/6.3.0/avr51/libgcc.a(_exit.o)
 .bss           0x0000000000800103        0x0 /usr/lib/gcc/avr/6.3.0/avr51/libgcc.a(_clear_bss.o)
 *(.bss*)
 *(COMMON)
 COMMON         0x0000000000800103      0x15c ./libcan.a(at90can.o)
                0x0000000000800103                can_tx_list
                0x0000000000800173                can_tx_buffer
                0x0000000000800179                can_rx_list
                0x0000000000800259                can_rx_buffer
                0x000000000080025f                PROVIDE (__bss_end, .)
                0x0000000000000a2a                __data_load_start = LOADADDR (.data)
                0x0000000000000a2a                __data_load_end = (__data_load_start + SIZEOF (.data))

.noinit         0x000000000080025f        0x0
                [!provide]                        PROVIDE (__noinit_start, .)
 *(.noinit*)
                [!provide]                        PROVIDE (__noinit_end, .)
                0x000000000080025f                _end = .
                [!provide]                        PROVIDE (__heap_start, .)

.eeprom         0x0000000000810000        0x0
 *(.eeprom*)
                0x0000000000810000                __eeprom_end = .

.fuse
 *(.fuse)
 *(.lfuse)
 *(.hfuse)
 *(.efuse)

.lock
 *(.lock*)

.signature
 *(.signature*)

.stab
 *(.stab)

.stabstr
 *(.stabstr)

.stab.excl
 *(.stab.excl)

.stab.exclstr
 *(.stab.exclstr)

.stab.index
 *(.stab.index)

.stab.indexstr
 *(.stab.indexstr)

.comment        0x0000000000000000       0x11
 *(.comment)
 .comment       0x0000000000000000       0x11 build/main.o
                                         0x12 (size before relaxing)
 .comment       0x0000000000000011       0x12 build/can_wrapper.o
 .comment       0x0000000000000011       0x12 ./libcan.a(at90can.o)
 .comment       0x0000000000000011       0x12 ./libcan.a(at90can_buffer.o)
 .comment       0x0000000000000011       0x12 ./libcan.a(at90can_disable_dyn_filter.o)
 .comment       0x0000000000000011       0x12 ./libcan.a(at90can_set_dyn_filter.o)
 .comment       0x0000000000000011       0x12 ./libcan.a(at90can_send_message.o)
 .comment       0x0000000000000011       0x12 ./libcan.a(at90can_send_buf_message.o)
 .comment       0x0000000000000011       0x12 ./libcan.a(at90can_get_message.o)
 .comment       0x0000000000000011       0x12 ./libcan.a(at90can_get_buf_message.o)
 .comment       0x0000000000000011       0x12 ./libcan.a(can_buffer.o)

.note.gnu.avr.deviceinfo
                0x0000000000000000       0x40
 .note.gnu.avr.deviceinfo
                0x0000000000000000       0x40 /usr/lib/gcc/avr/6.3.0/../../../../avr/lib/avr51/crtat90can128.o

.note.gnu.build-id
 *(.note.gnu.build-id)

.debug
 *(.debug)

.line
 *(.line)

.debug_srcinfo
 *(.debug_srcinfo)

.debug_sfnames
 *(.debug_sfnames)

.debug_aranges  0x0000000000000000      0x160
 *(.debug_aranges)
 .debug_aranges
                0x0000000000000000       0x20 build/main.o
 .debug_aranges
                0x0000000000000020       0x20 build/can_wrapper.o
 .debug_aranges
                0x0000000000000040       0x20 ./libcan.a(at90can.o)
 .debug_aranges
                0x0000000000000060       0x20 ./libcan.a(at90can_buffer.o)
 .debug_aranges
                0x0000000000000080       0x20 ./libcan.a(at90can_disable_dyn_filter.o)
 .debug_aranges
                0x00000000000000a0       0x20 ./libcan.a(at90can_set_dyn_filter.o)
 .debug_aranges
                0x00000000000000c0       0x20 ./libcan.a(at90can_send_message.o)
 .debug_aranges
                0x00000000000000e0       0x20 ./libcan.a(at90can_send_buf_message.o)
 .debug_aranges
                0x0000000000000100       0x20 ./libcan.a(at90can_get_message.o)
 .debug_aranges
                0x0000000000000120       0x20 ./libcan.a(at90can_get_buf_message.o)
 .debug_aranges
                0x0000000000000140       0x20 ./libcan.a(can_buffer.o)

.debug_pubnames
 *(.debug_pubnames)

.debug_info     0x0000000000000000     0x2e60
 *(.debug_info .gnu.linkonce.wi.*)
 .debug_info    0x0000000000000000      0xa2d /usr/lib/gcc/avr/6.3.0/../../../../avr/lib/avr51/crtat90can128.o
 .debug_info    0x0000000000000a2d      0x1f8 build/main.o
 .debug_info    0x0000000000000c25      0x2fb build/can_wrapper.o
 .debug_info    0x0000000000000f20      0x5cf ./libcan.a(at90can.o)
 .debug_info    0x00000000000014ef      0x247 ./libcan.a(at90can_buffer.o)
 .debug_info    0x0000000000001736      0x2b8 ./libcan.a(at90can_disable_dyn_filter.o)
 .debug_info    0x00000000000019ee      0x322 ./libcan.a(at90can_set_dyn_filter.o)
 .debug_info    0x0000000000001d10      0x383 ./libcan.a(at90can_send_message.o)
 .debug_info    0x0000000000002093      0x313 ./libcan.a(at90can_send_buf_message.o)
 .debug_info    0x00000000000023a6      0x396 ./libcan.a(at90can_get_message.o)
 .debug_info    0x000000000000273c      0x23f ./libcan.a(at90can_get_buf_message.o)
 .debug_info    0x000000000000297b      0x4e5 ./libcan.a(can_buffer.o)

.debug_abbrev   0x0000000000000000     0x1baf
 *(.debug_abbrev)
 .debug_abbrev  0x0000000000000000      0x9a0 /usr/lib/gcc/avr/6.3.0/../../../../avr/lib/avr51/crtat90can128.o
 .debug_abbrev  0x00000000000009a0      0x13a build/main.o
 .debug_abbrev  0x0000000000000ada      0x17b build/can_wrapper.o
 .debug_abbrev  0x0000000000000c55      0x25a ./libcan.a(at90can.o)
 .debug_abbrev  0x0000000000000eaf      0x109 ./libcan.a(at90can_buffer.o)
 .debug_abbrev  0x0000000000000fb8      0x1ba ./libcan.a(at90can_disable_dyn_filter.o)
 .debug_abbrev  0x0000000000001172      0x19b ./libcan.a(at90can_set_dyn_filter.o)
 .debug_abbrev  0x000000000000130d      0x1f4 ./libcan.a(at90can_send_message.o)
 .debug_abbrev  0x0000000000001501      0x1b8 ./libcan.a(at90can_send_buf_message.o)
 .debug_abbrev  0x00000000000016b9      0x20e ./libcan.a(at90can_get_message.o)
 .debug_abbrev  0x00000000000018c7      0x127 ./libcan.a(at90can_get_buf_message.o)
 .debug_abbrev  0x00000000000019ee      0x1c1 ./libcan.a(can_buffer.o)

.debug_line     0x0000000000000000     0x1017
 *(.debug_line .debug_line.* .debug_line_end)
 .debug_line    0x0000000000000000       0x1d /usr/lib/gcc/avr/6.3.0/../../../../avr/lib/avr51/crtat90can128.o
 .debug_line    0x000000000000001d       0xb0 build/main.o
 .debug_line    0x00000000000000cd       0xf3 build/can_wrapper.o
 .debug_line    0x00000000000001c0      0x220 ./libcan.a(at90can.o)
 .debug_line    0x00000000000003e0       0xe4 ./libcan.a(at90can_buffer.o)
 .debug_line    0x00000000000004c4      0x187 ./libcan.a(at90can_disable_dyn_filter.o)
 .debug_line    0x000000000000064b      0x1e0 ./libcan.a(at90can_set_dyn_filter.o)
 .debug_line    0x000000000000082b      0x1d9 ./libcan.a(at90can_send_message.o)
 .debug_line    0x0000000000000a04      0x178 ./libcan.a(at90can_send_buf_message.o)
 .debug_line    0x0000000000000b7c      0x19b ./libcan.a(at90can_get_message.o)
 .debug_line    0x0000000000000d17       0xf9 ./libcan.a(at90can_get_buf_message.o)
 .debug_line    0x0000000000000e10      0x207 ./libcan.a(can_buffer.o)

.debug_frame    0x0000000000000000      0x3c0
 *(.debug_frame)
 .debug_frame   0x0000000000000000       0x38 build/main.o
 .debug_frame   0x0000000000000038       0x60 build/can_wrapper.o
 .debug_frame   0x0000000000000098       0xe0 ./libcan.a(at90can.o)
 .debug_frame   0x0000000000000178       0x34 ./libcan.a(at90can_buffer.o)
 .debug_frame   0x00000000000001ac       0x2c ./libcan.a(at90can_disable_dyn_filter.o)
 .debug_frame   0x00000000000001d8       0x2c ./libcan.a(at90can_set_dyn_filter.o)
 .debug_frame   0x0000000000000204       0x5c ./libcan.a(at90can_send_message.o)
 .debug_frame   0x0000000000000260       0x38 ./libcan.a(at90can_send_buf_message.o)
 .debug_frame   0x0000000000000298       0x5c ./libcan.a(at90can_get_message.o)
 .debug_frame   0x00000000000002f4       0x30 ./libcan.a(at90can_get_buf_message.o)
 .debug_frame   0x0000000000000324       0x9c ./libcan.a(can_buffer.o)

.debug_str      0x0000000000000000      0x9d1
 *(.debug_str)
 .debug_str     0x0000000000000000      0x39f /usr/lib/gcc/avr/6.3.0/../../../../avr/lib/avr51/crtat90can128.o
 .debug_str     0x000000000000039f      0x199 build/main.o
                                        0x1ee (size before relaxing)
 .debug_str     0x0000000000000538       0xf0 build/can_wrapper.o
                                        0x2af (size before relaxing)
 .debug_str     0x0000000000000628      0x22b ./libcan.a(at90can.o)
                                        0x375 (size before relaxing)
 .debug_str     0x0000000000000853       0x48 ./libcan.a(at90can_buffer.o)
                                        0x261 (size before relaxing)
 .debug_str     0x000000000000089b       0x4c ./libcan.a(at90can_disable_dyn_filter.o)
                                        0x285 (size before relaxing)
 .debug_str     0x00000000000008e7       0x19 ./libcan.a(at90can_set_dyn_filter.o)
                                        0x29e (size before relaxing)
 .debug_str     0x0000000000000900       0x5a ./libcan.a(at90can_send_message.o)
                                        0x2a5 (size before relaxing)
 .debug_str     0x000000000000095a       0x24 ./libcan.a(at90can_send_buf_message.o)
                                        0x2a8 (size before relaxing)
 .debug_str     0x000000000000097e       0x39 ./libcan.a(at90can_get_message.o)
                                        0x28d (size before relaxing)
 .debug_str     0x00000000000009b7       0x1a ./libcan.a(at90can_get_buf_message.o)
                                        0x259 (size before relaxing)
 .debug_str     0x00000000000009d1       0x1a ./libcan.a(can_buffer.o)
                                        0x257 (size before relaxing)

.debug_loc      0x0000000000000000      0xfdb
 *(.debug_loc)
 .debug_loc     0x0000000000000000       0x47 build/main.o
 .debug_loc     0x0000000000000047      0x187 build/can_wrapper.o
 .debug_loc     0x00000000000001ce      0x401 ./libcan.a(at90can.o)
 .debug_loc     0x00000000000005cf       0xa8 ./libcan.a(at90can_disable_dyn_filter.o)
 .debug_loc     0x0000000000000677       0xb1 ./libcan.a(at90can_set_dyn_filter.o)
 .debug_loc     0x0000000000000728      0x21d ./libcan.a(at90can_send_message.o)
 .debug_loc     0x0000000000000945      0x16a ./libcan.a(at90can_send_buf_message.o)
 .debug_loc     0x0000000000000aaf      0x20e ./libcan.a(at90can_get_message.o)
 .debug_loc     0x0000000000000cbd       0xad ./libcan.a(at90can_get_buf_message.o)
 .debug_loc     0x0000000000000d6a      0x271 ./libcan.a(can_buffer.o)

.debug_macinfo
 *(.debug_macinfo)

.debug_weaknames
 *(.debug_weaknames)

.debug_funcnames
 *(.debug_funcnames)

.debug_typenames
 *(.debug_typenames)

.debug_varnames
 *(.debug_varnames)

.debug_pubtypes
 *(.debug_pubtypes)

.debug_ranges   0x0000000000000000       0x90
 *(.debug_ranges)
 .debug_ranges  0x0000000000000000       0x10 build/main.o
 .debug_ranges  0x0000000000000010       0x30 ./libcan.a(at90can.o)
 .debug_ranges  0x0000000000000040       0x38 ./libcan.a(at90can_send_buf_message.o)
 .debug_ranges  0x0000000000000078       0x18 ./libcan.a(at90can_get_message.o)

.debug_macro
 *(.debug_macro)
OUTPUT(actuator_control_board.elf elf32-avr)
LOAD linker stubs

Cross Reference Table

Symbol                                            File
__bad_interrupt                                   /usr/lib/gcc/avr/6.3.0/../../../../avr/lib/avr51/crtat90can128.o
__bss_end                                         /usr/lib/gcc/avr/6.3.0/avr51/libgcc.a(_clear_bss.o)
__bss_start                                       /usr/lib/gcc/avr/6.3.0/avr51/libgcc.a(_clear_bss.o)
__do_clear_bss                                    /usr/lib/gcc/avr/6.3.0/avr51/libgcc.a(_clear_bss.o)
                                                  ./libcan.a(at90can.o)
                                                  build/main.o
__heap_end                                        /usr/lib/gcc/avr/6.3.0/../../../../avr/lib/avr51/crtat90can128.o
__init                                            /usr/lib/gcc/avr/6.3.0/../../../../avr/lib/avr51/crtat90can128.o
__stack                                           /usr/lib/gcc/avr/6.3.0/../../../../avr/lib/avr51/crtat90can128.o
__vector_1                                        /usr/lib/gcc/avr/6.3.0/../../../../avr/lib/avr51/crtat90can128.o
__vector_10                                       /usr/lib/gcc/avr/6.3.0/../../../../avr/lib/avr51/crtat90can128.o
__vector_11                                       /usr/lib/gcc/avr/6.3.0/../../../../avr/lib/avr51/crtat90can128.o
__vector_12                                       /usr/lib/gcc/avr/6.3.0/../../../../avr/lib/avr51/crtat90can128.o
__vector_13                                       /usr/lib/gcc/avr/6.3.0/../../../../avr/lib/avr51/crtat90can128.o
__vector_14                                       /usr/lib/gcc/avr/6.3.0/../../../../avr/lib/avr51/crtat90can128.o
__vector_15                                       /usr/lib/gcc/avr/6.3.0/../../../../avr/lib/avr51/crtat90can128.o
__vector_16                                       /usr/lib/gcc/avr/6.3.0/../../../../avr/lib/avr51/crtat90can128.o
__vector_17                                       /usr/lib/gcc/avr/6.3.0/../../../../avr/lib/avr51/crtat90can128.o
__vector_18                                       ./libcan.a(at90can.o)
                                                  /usr/lib/gcc/avr/6.3.0/../../../../avr/lib/avr51/crtat90can128.o
__vector_19                                       ./libcan.a(at90can.o)
                                                  /usr/lib/gcc/avr/6.3.0/../../../../avr/lib/avr51/crtat90can128.o
__vector_2                                        /usr/lib/gcc/avr/6.3.0/../../../../avr/lib/avr51/crtat90can128.o
__vector_20                                       /usr/lib/gcc/avr/6.3.0/../../../../avr/lib/avr51/crtat90can128.o
__vector_21                                       /usr/lib/gcc/avr/6.3.0/../../../../avr/lib/avr51/crtat90can128.o
__vector_22                                       /usr/lib/gcc/avr/6.3.0/../../../../avr/lib/avr51/crtat90can128.o
__vector_23                                       /usr/lib/gcc/avr/6.3.0/../../../../avr/lib/avr51/crtat90can128.o
__vector_24                                       /usr/lib/gcc/avr/6.3.0/../../../../avr/lib/avr51/crtat90can128.o
__vector_25                                       /usr/lib/gcc/avr/6.3.0/../../../../avr/lib/avr51/crtat90can128.o
__vector_26                                       /usr/lib/gcc/avr/6.3.0/../../../../avr/lib/avr51/crtat90can128.o
__vector_27                                       /usr/lib/gcc/avr/6.3.0/../../../../avr/lib/avr51/crtat90can128.o
__vector_28                                       /usr/lib/gcc/avr/6.3.0/../../../../avr/lib/avr51/crtat90can128.o
__vector_29                                       /usr/lib/gcc/avr/6.3.0/../../../../avr/lib/avr51/crtat90can128.o
__vector_3                                        /usr/lib/gcc/avr/6.3.0/../../../../avr/lib/avr51/crtat90can128.o
__vector_30                                       /usr/lib/gcc/avr/6.3.0/../../../../avr/lib/avr51/crtat90can128.o
__vector_31                                       /usr/lib/gcc/avr/6.3.0/../../../../avr/lib/avr51/crtat90can128.o
__vector_32                                       /usr/lib/gcc/avr/6.3.0/../../../../avr/lib/avr51/crtat90can128.o
__vector_33                                       /usr/lib/gcc/avr/6.3.0/../../../../avr/lib/avr51/crtat90can128.o
__vector_34                                       /usr/lib/gcc/avr/6.3.0/../../../../avr/lib/avr51/crtat90can128.o
__vector_35                                       /usr/lib/gcc/avr/6.3.0/../../../../avr/lib/avr51/crtat90can128.o
__vector_36                                       /usr/lib/gcc/avr/6.3.0/../../../../avr/lib/avr51/crtat90can128.o
__vector_4                                        /usr/lib/gcc/avr/6.3.0/../../../../avr/lib/avr51/crtat90can128.o
__vector_5                                        /usr/lib/gcc/avr/6.3.0/../../../../avr/lib/avr51/crtat90can128.o
__vector_6                                        /usr/lib/gcc/avr/6.3.0/../../../../avr/lib/avr51/crtat90can128.o
__vector_7                                        /usr/lib/gcc/avr/6.3.0/../../../../avr/lib/avr51/crtat90can128.o
__vector_8                                        /usr/lib/gcc/avr/6.3.0/../../../../avr/lib/avr51/crtat90can128.o
__vector_9                                        /usr/lib/gcc/avr/6.3.0/../../../../avr/lib/avr51/crtat90can128.o
__vector_default                                  /usr/lib/gcc/avr/6.3.0/../../../../avr/lib/avr51/crtat90can128.o
__vectors                                         /usr/lib/gcc/avr/6.3.0/../../../../avr/lib/avr51/crtat90can128.o
_at90can_cnf                                      ./libcan.a(at90can.o)
_disable_mob_interrupt                            ./libcan.a(at90can.o)
                                                  ./libcan.a(at90can_disable_dyn_filter.o)
_enable_mob_interrupt                             ./libcan.a(at90can.o)
                                                  ./libcan.a(at90can_get_message.o)
                                                  ./libcan.a(at90can_send_message.o)
                                                  ./libcan.a(at90can_set_dyn_filter.o)
_exit                                             /usr/lib/gcc/avr/6.3.0/avr51/libgcc.a(_exit.o)
_find_free_mob                                    ./libcan.a(at90can.o)
                                                  ./libcan.a(at90can_send_message.o)
_transmission_in_progress                         ./libcan.a(at90can.o)
                                                  ./libcan.a(at90can_send_buf_message.o)
                                                  ./libcan.a(at90can_send_message.o)
at90can_copy_message_to_mob                       ./libcan.a(at90can_send_message.o)
                                                  ./libcan.a(at90can.o)
at90can_copy_mob_to_message                       ./libcan.a(at90can_get_message.o)
                                                  ./libcan.a(at90can.o)
at90can_get_message                               ./libcan.a(at90can_get_message.o)
at90can_send_message                              ./libcan.a(at90can_send_message.o)
                                                  ./libcan.a(at90can_send_buf_message.o)
can_buffer_dequeue                                ./libcan.a(can_buffer.o)
                                                  ./libcan.a(at90can_get_buf_message.o)
                                                  ./libcan.a(at90can.o)
can_buffer_empty                                  ./libcan.a(can_buffer.o)
                                                  ./libcan.a(at90can_buffer.o)
can_buffer_enqueue                                ./libcan.a(can_buffer.o)
                                                  ./libcan.a(at90can_send_buf_message.o)
                                                  ./libcan.a(at90can.o)
can_buffer_full                                   ./libcan.a(can_buffer.o)
                                                  ./libcan.a(at90can_buffer.o)
can_buffer_get_dequeue_ptr                        ./libcan.a(can_buffer.o)
                                                  ./libcan.a(at90can_get_buf_message.o)
                                                  ./libcan.a(at90can.o)
can_buffer_get_enqueue_ptr                        ./libcan.a(can_buffer.o)
                                                  ./libcan.a(at90can_send_buf_message.o)
                                                  ./libcan.a(at90can.o)
can_buffer_init                                   ./libcan.a(can_buffer.o)
                                                  ./libcan.a(at90can.o)
can_check_free_buffer                             ./libcan.a(at90can_buffer.o)
can_check_message                                 ./libcan.a(at90can_buffer.o)
                                                  ./libcan.a(at90can_get_message.o)
                                                  build/main.o
can_disable_filter                                ./libcan.a(at90can_disable_dyn_filter.o)
                                                  ./libcan.a(at90can.o)
can_get_message                                   ./libcan.a(at90can_get_buf_message.o)
                                                  build/main.o
can_init                                          ./libcan.a(at90can.o)
                                                  build/can_wrapper.o
can_rx_buffer                                     ./libcan.a(at90can.o)
                                                  ./libcan.a(at90can_get_buf_message.o)
                                                  ./libcan.a(at90can_buffer.o)
can_rx_list                                       ./libcan.a(at90can.o)
can_send_message                                  ./libcan.a(at90can_send_buf_message.o)
                                                  build/can_wrapper.o
                                                  build/main.o
can_set_filter                                    ./libcan.a(at90can_set_dyn_filter.o)
                                                  build/can_wrapper.o
can_tx_buffer                                     ./libcan.a(at90can.o)
                                                  ./libcan.a(at90can_send_buf_message.o)
                                                  ./libcan.a(at90can_buffer.o)
can_tx_list                                       ./libcan.a(at90can.o)
can_wrapper_init                                  build/can_wrapper.o
                                                  build/main.o
can_wrapper_send                                  build/can_wrapper.o
                                                  build/main.o
exit                                              /usr/lib/gcc/avr/6.3.0/avr51/libgcc.a(_exit.o)
                                                  /usr/lib/gcc/avr/6.3.0/../../../../avr/lib/avr51/crtat90can128.o
lastState                                         build/main.o
main                                              build/main.o
                                                  /usr/lib/gcc/avr/6.3.0/../../../../avr/lib/avr51/crtat90can128.o
state                                             build/main.o
