Archive member included to satisfy reference by file (symbol)

/usr/lib/gcc/avr/6.3.0/avr51/libgcc.a(_exit.o)
                              /usr/lib/gcc/avr/6.3.0/../../../../avr/lib/avr51/crtat90can128.o (exit)
/usr/lib/gcc/avr/6.3.0/avr51/libgcc.a(_tablejump2.o)
                              at90can/can/can_lib.o (__tablejump2__)
/usr/lib/gcc/avr/6.3.0/avr51/libgcc.a(_copy_data.o)
                              Main.o (__do_copy_data)
/usr/lib/gcc/avr/6.3.0/avr51/libgcc.a(_clear_bss.o)
                              at90can/can/can_isp_protocol.o (__do_clear_bss)

Allocating common symbols
Common symbol       size              file

local_buffer        0x100             at90can/can/can_isp_protocol.o
can_isp_rx_buffer   0x8               at90can/can/can_isp_protocol.o
can_communication_opened
                    0x1               at90can/can/can_isp_protocol.o
can_isp_rx_msg      0xa               at90can/can/can_isp_protocol.o
loc_buf_index       0x2               at90can/can/can_isp_protocol.o
base_isp_id         0x2               at90can/can/can_isp_protocol.o
can_isp_tx_msg      0xa               at90can/can/can_isp_protocol.o
can_isp_tx_buffer   0x8               at90can/can/can_isp_protocol.o

Discarded input sections

 .data          0x0000000000000000        0x0 /usr/lib/gcc/avr/6.3.0/../../../../avr/lib/avr51/crtat90can128.o
 .bss           0x0000000000000000        0x0 /usr/lib/gcc/avr/6.3.0/../../../../avr/lib/avr51/crtat90can128.o
 .text          0x0000000000000000        0x0 Main.o
 .data          0x0000000000000000        0x0 Main.o
 .bss           0x0000000000000000        0x0 Main.o
 .text          0x0000000000000000        0x0 at90can/can/can_lib.o
 .data          0x0000000000000000        0x0 at90can/can/can_lib.o
 .bss           0x0000000000000000        0x0 at90can/can/can_lib.o
 .text.can_get_status
                0x0000000000000000      0x10e at90can/can/can_lib.o
 .avr.prop      0x0000000000000000       0x16 at90can/can/can_lib.o
 .text          0x0000000000000000        0x0 at90can/can/can_drv.o
 .data          0x0000000000000000        0x0 at90can/can/can_drv.o
 .bss           0x0000000000000000        0x0 at90can/can/can_drv.o
 .text.can_get_mob_status
                0x0000000000000000       0x26 at90can/can/can_drv.o
 .text.can_get_data
                0x0000000000000000       0x28 at90can/can/can_drv.o
 .text.can_auto_baudrate
                0x0000000000000000      0x318 at90can/can/can_drv.o
 .text          0x0000000000000000        0x0 at90can/can/can_isp_protocol.o
 .data          0x0000000000000000        0x0 at90can/can/can_isp_protocol.o
 .bss           0x0000000000000000        0x0 at90can/can/can_isp_protocol.o
 .stab          0x0000000000000000      0xaa4 at90can/can/can_isp_protocol.o
                                        0xd38 (size before relaxing)
 .text.can_isp_protocol_init
                0x0000000000000000       0x84 at90can/can/can_isp_protocol.o
 .text.can_isp_send_frame
                0x0000000000000000       0x1a at90can/can/can_isp_protocol.o
 .text.can_isp_send_error_frame
                0x0000000000000000       0x1e at90can/can/can_isp_protocol.o
 .text.can_isp_protocol_task
                0x0000000000000000      0x3d6 at90can/can/can_isp_protocol.o
 .comment       0x0000000000000000       0x12 at90can/can/can_isp_protocol.o
 COMMON         0x0000000000000000      0x129 at90can/can/can_isp_protocol.o
 .text          0x0000000000000000        0x0 /usr/lib/gcc/avr/6.3.0/avr51/libgcc.a(_exit.o)
 .data          0x0000000000000000        0x0 /usr/lib/gcc/avr/6.3.0/avr51/libgcc.a(_exit.o)
 .bss           0x0000000000000000        0x0 /usr/lib/gcc/avr/6.3.0/avr51/libgcc.a(_exit.o)
 .text.libgcc.mul
                0x0000000000000000        0x0 /usr/lib/gcc/avr/6.3.0/avr51/libgcc.a(_exit.o)
 .text.libgcc.div
                0x0000000000000000        0x0 /usr/lib/gcc/avr/6.3.0/avr51/libgcc.a(_exit.o)
 .text.libgcc   0x0000000000000000        0x0 /usr/lib/gcc/avr/6.3.0/avr51/libgcc.a(_exit.o)
 .text.libgcc.prologue
                0x0000000000000000        0x0 /usr/lib/gcc/avr/6.3.0/avr51/libgcc.a(_exit.o)
 .text.libgcc.builtins
                0x0000000000000000        0x0 /usr/lib/gcc/avr/6.3.0/avr51/libgcc.a(_exit.o)
 .text.libgcc.fmul
                0x0000000000000000        0x0 /usr/lib/gcc/avr/6.3.0/avr51/libgcc.a(_exit.o)
 .text.libgcc.fixed
                0x0000000000000000        0x0 /usr/lib/gcc/avr/6.3.0/avr51/libgcc.a(_exit.o)
 .text          0x0000000000000000        0x0 /usr/lib/gcc/avr/6.3.0/avr51/libgcc.a(_tablejump2.o)
 .data          0x0000000000000000        0x0 /usr/lib/gcc/avr/6.3.0/avr51/libgcc.a(_tablejump2.o)
 .bss           0x0000000000000000        0x0 /usr/lib/gcc/avr/6.3.0/avr51/libgcc.a(_tablejump2.o)
 .text.libgcc.mul
                0x0000000000000000        0x0 /usr/lib/gcc/avr/6.3.0/avr51/libgcc.a(_tablejump2.o)
 .text.libgcc.div
                0x0000000000000000        0x0 /usr/lib/gcc/avr/6.3.0/avr51/libgcc.a(_tablejump2.o)
 .text.libgcc.prologue
                0x0000000000000000        0x0 /usr/lib/gcc/avr/6.3.0/avr51/libgcc.a(_tablejump2.o)
 .text.libgcc.builtins
                0x0000000000000000        0x0 /usr/lib/gcc/avr/6.3.0/avr51/libgcc.a(_tablejump2.o)
 .text.libgcc.fmul
                0x0000000000000000        0x0 /usr/lib/gcc/avr/6.3.0/avr51/libgcc.a(_tablejump2.o)
 .text.libgcc.fixed
                0x0000000000000000        0x0 /usr/lib/gcc/avr/6.3.0/avr51/libgcc.a(_tablejump2.o)
 .text          0x0000000000000000        0x0 /usr/lib/gcc/avr/6.3.0/avr51/libgcc.a(_copy_data.o)
 .data          0x0000000000000000        0x0 /usr/lib/gcc/avr/6.3.0/avr51/libgcc.a(_copy_data.o)
 .bss           0x0000000000000000        0x0 /usr/lib/gcc/avr/6.3.0/avr51/libgcc.a(_copy_data.o)
 .text.libgcc.mul
                0x0000000000000000        0x0 /usr/lib/gcc/avr/6.3.0/avr51/libgcc.a(_copy_data.o)
 .text.libgcc.div
                0x0000000000000000        0x0 /usr/lib/gcc/avr/6.3.0/avr51/libgcc.a(_copy_data.o)
 .text.libgcc   0x0000000000000000        0x0 /usr/lib/gcc/avr/6.3.0/avr51/libgcc.a(_copy_data.o)
 .text.libgcc.prologue
                0x0000000000000000        0x0 /usr/lib/gcc/avr/6.3.0/avr51/libgcc.a(_copy_data.o)
 .text.libgcc.builtins
                0x0000000000000000        0x0 /usr/lib/gcc/avr/6.3.0/avr51/libgcc.a(_copy_data.o)
 .text.libgcc.fmul
                0x0000000000000000        0x0 /usr/lib/gcc/avr/6.3.0/avr51/libgcc.a(_copy_data.o)
 .text.libgcc.fixed
                0x0000000000000000        0x0 /usr/lib/gcc/avr/6.3.0/avr51/libgcc.a(_copy_data.o)
 .text          0x0000000000000000        0x0 /usr/lib/gcc/avr/6.3.0/avr51/libgcc.a(_clear_bss.o)
 .data          0x0000000000000000        0x0 /usr/lib/gcc/avr/6.3.0/avr51/libgcc.a(_clear_bss.o)
 .bss           0x0000000000000000        0x0 /usr/lib/gcc/avr/6.3.0/avr51/libgcc.a(_clear_bss.o)
 .text.libgcc.mul
                0x0000000000000000        0x0 /usr/lib/gcc/avr/6.3.0/avr51/libgcc.a(_clear_bss.o)
 .text.libgcc.div
                0x0000000000000000        0x0 /usr/lib/gcc/avr/6.3.0/avr51/libgcc.a(_clear_bss.o)
 .text.libgcc   0x0000000000000000        0x0 /usr/lib/gcc/avr/6.3.0/avr51/libgcc.a(_clear_bss.o)
 .text.libgcc.prologue
                0x0000000000000000        0x0 /usr/lib/gcc/avr/6.3.0/avr51/libgcc.a(_clear_bss.o)
 .text.libgcc.builtins
                0x0000000000000000        0x0 /usr/lib/gcc/avr/6.3.0/avr51/libgcc.a(_clear_bss.o)
 .text.libgcc.fmul
                0x0000000000000000        0x0 /usr/lib/gcc/avr/6.3.0/avr51/libgcc.a(_clear_bss.o)
 .text.libgcc.fixed
                0x0000000000000000        0x0 /usr/lib/gcc/avr/6.3.0/avr51/libgcc.a(_clear_bss.o)

Memory Configuration

Name             Origin             Length             Attributes
text             0x0000000000000000 0x0000000000020000 xr
data             0x0000000000800100 0x000000000000ff00 rw !x
eeprom           0x0000000000810000 0x0000000000010000 rw !x
fuse             0x0000000000820000 0x0000000000000400 rw !x
lock             0x0000000000830000 0x0000000000000400 rw !x
signature        0x0000000000840000 0x0000000000000400 rw !x
user_signatures  0x0000000000850000 0x0000000000000400 rw !x
*default*        0x0000000000000000 0xffffffffffffffff

Linker script and memory map

Address of section .data set to 0x800100
LOAD /usr/lib/gcc/avr/6.3.0/../../../../avr/lib/avr51/crtat90can128.o
LOAD Main.o
LOAD at90can/can/can_lib.o
LOAD at90can/can/can_drv.o
LOAD at90can/can/can_isp_protocol.o
START GROUP
LOAD /usr/lib/gcc/avr/6.3.0/avr51/libgcc.a
LOAD /usr/lib/gcc/avr/6.3.0/../../../../avr/lib/avr51/libm.a
LOAD /usr/lib/gcc/avr/6.3.0/../../../../avr/lib/avr51/libc.a
LOAD /usr/lib/gcc/avr/6.3.0/../../../../avr/lib/avr51/libat90can128.a
END GROUP
                0x0000000000020000                __TEXT_REGION_LENGTH__ = DEFINED (__TEXT_REGION_LENGTH__)?__TEXT_REGION_LENGTH__:0x20000
                0x000000000000ff00                __DATA_REGION_LENGTH__ = DEFINED (__DATA_REGION_LENGTH__)?__DATA_REGION_LENGTH__:0xff00
                0x0000000000010000                __EEPROM_REGION_LENGTH__ = DEFINED (__EEPROM_REGION_LENGTH__)?__EEPROM_REGION_LENGTH__:0x10000
                0x0000000000000400                __FUSE_REGION_LENGTH__ = DEFINED (__FUSE_REGION_LENGTH__)?__FUSE_REGION_LENGTH__:0x400
                0x0000000000000400                __LOCK_REGION_LENGTH__ = DEFINED (__LOCK_REGION_LENGTH__)?__LOCK_REGION_LENGTH__:0x400
                0x0000000000000400                __SIGNATURE_REGION_LENGTH__ = DEFINED (__SIGNATURE_REGION_LENGTH__)?__SIGNATURE_REGION_LENGTH__:0x400
                0x0000000000000400                __USER_SIGNATURE_REGION_LENGTH__ = DEFINED (__USER_SIGNATURE_REGION_LENGTH__)?__USER_SIGNATURE_REGION_LENGTH__:0x400

.hash
 *(.hash)

.dynsym
 *(.dynsym)

.dynstr
 *(.dynstr)

.gnu.version
 *(.gnu.version)

.gnu.version_d
 *(.gnu.version_d)

.gnu.version_r
 *(.gnu.version_r)

.rel.init
 *(.rel.init)

.rela.init
 *(.rela.init)

.rel.text
 *(.rel.text)
 *(.rel.text.*)
 *(.rel.gnu.linkonce.t*)

.rela.text
 *(.rela.text)
 *(.rela.text.*)
 *(.rela.gnu.linkonce.t*)

.rel.fini
 *(.rel.fini)

.rela.fini
 *(.rela.fini)

.rel.rodata
 *(.rel.rodata)
 *(.rel.rodata.*)
 *(.rel.gnu.linkonce.r*)

.rela.rodata
 *(.rela.rodata)
 *(.rela.rodata.*)
 *(.rela.gnu.linkonce.r*)

.rel.data
 *(.rel.data)
 *(.rel.data.*)
 *(.rel.gnu.linkonce.d*)

.rela.data
 *(.rela.data)
 *(.rela.data.*)
 *(.rela.gnu.linkonce.d*)

.rel.ctors
 *(.rel.ctors)

.rela.ctors
 *(.rela.ctors)

.rel.dtors
 *(.rel.dtors)

.rela.dtors
 *(.rela.dtors)

.rel.got
 *(.rel.got)

.rela.got
 *(.rela.got)

.rel.bss
 *(.rel.bss)

.rela.bss
 *(.rela.bss)

.rel.plt
 *(.rel.plt)

.rela.plt
 *(.rela.plt)

.text           0x0000000000000000      0xb74
 *(.vectors)
 .vectors       0x0000000000000000       0x94 /usr/lib/gcc/avr/6.3.0/../../../../avr/lib/avr51/crtat90can128.o
                0x0000000000000000                __vectors
                0x0000000000000000                __vector_default
 *(.vectors)
 *(.progmem.gcc*)
                0x0000000000000094                . = ALIGN (0x2)
                0x0000000000000094                __trampolines_start = .
 *(.trampolines)
 .trampolines   0x0000000000000094        0x0 linker stubs
 *(.trampolines*)
                0x0000000000000094                __trampolines_end = .
 *libprintf_flt.a:*(.progmem.data)
 *libc.a:*(.progmem.data)
 *(.progmem*)
                0x0000000000000094                . = ALIGN (0x2)
 *(.jumptables)
 *(.jumptables*)
 *(.lowtext)
 *(.lowtext*)
                0x0000000000000094                __ctors_start = .
 *(.ctors)
                0x0000000000000094                __ctors_end = .
                0x0000000000000094                __dtors_start = .
 *(.dtors)
                0x0000000000000094                __dtors_end = .
 SORT(*)(.ctors)
 SORT(*)(.dtors)
 *(.init0)
 .init0         0x0000000000000094        0x0 /usr/lib/gcc/avr/6.3.0/../../../../avr/lib/avr51/crtat90can128.o
                0x0000000000000094                __init
 *(.init0)
 *(.init1)
 *(.init1)
 *(.init2)
 .init2         0x0000000000000094        0xc /usr/lib/gcc/avr/6.3.0/../../../../avr/lib/avr51/crtat90can128.o
 *(.init2)
 *(.init3)
 *(.init3)
 *(.init4)
 .init4         0x00000000000000a0       0x1a /usr/lib/gcc/avr/6.3.0/avr51/libgcc.a(_copy_data.o)
                0x00000000000000a0                __do_copy_data
 .init4         0x00000000000000ba       0x10 /usr/lib/gcc/avr/6.3.0/avr51/libgcc.a(_clear_bss.o)
                0x00000000000000ba                __do_clear_bss
 *(.init4)
 *(.init5)
 *(.init5)
 *(.init6)
 *(.init6)
 *(.init7)
 *(.init7)
 *(.init8)
 *(.init8)
 *(.init9)
 .init9         0x00000000000000ca        0x8 /usr/lib/gcc/avr/6.3.0/../../../../avr/lib/avr51/crtat90can128.o
 *(.init9)
 *(.text)
 .text          0x00000000000000d2        0x4 /usr/lib/gcc/avr/6.3.0/../../../../avr/lib/avr51/crtat90can128.o
                0x00000000000000d2                __vector_22
                0x00000000000000d2                __vector_28
                0x00000000000000d2                __vector_1
                0x00000000000000d2                __vector_32
                0x00000000000000d2                __vector_34
                0x00000000000000d2                __vector_24
                0x00000000000000d2                __vector_12
                0x00000000000000d2                __bad_interrupt
                0x00000000000000d2                __vector_6
                0x00000000000000d2                __vector_31
                0x00000000000000d2                __vector_35
                0x00000000000000d2                __vector_3
                0x00000000000000d2                __vector_23
                0x00000000000000d2                __vector_30
                0x00000000000000d2                __vector_25
                0x00000000000000d2                __vector_11
                0x00000000000000d2                __vector_13
                0x00000000000000d2                __vector_17
                0x00000000000000d2                __vector_19
                0x00000000000000d2                __vector_7
                0x00000000000000d2                __vector_27
                0x00000000000000d2                __vector_5
                0x00000000000000d2                __vector_33
                0x00000000000000d2                __vector_4
                0x00000000000000d2                __vector_9
                0x00000000000000d2                __vector_2
                0x00000000000000d2                __vector_21
                0x00000000000000d2                __vector_15
                0x00000000000000d2                __vector_36
                0x00000000000000d2                __vector_29
                0x00000000000000d2                __vector_8
                0x00000000000000d2                __vector_26
                0x00000000000000d2                __vector_14
                0x00000000000000d2                __vector_10
                0x00000000000000d2                __vector_16
                0x00000000000000d2                __vector_18
                0x00000000000000d2                __vector_20
                0x00000000000000d6                . = ALIGN (0x2)
 *(.text.*)
 .text.startup.main
                0x00000000000000d6       0x58 Main.o
                0x00000000000000d6                main
 .text.can_init
                0x000000000000012e       0x1a at90can/can/can_lib.o
                0x000000000000012e                can_init
 .text.can_cmd  0x0000000000000148      0x9b6 at90can/can/can_lib.o
                0x0000000000000148                can_cmd
 .text.can_clear_all_mob
                0x0000000000000afe       0x1a at90can/can/can_drv.o
                0x0000000000000afe                can_clear_all_mob
 .text.can_get_mob_free
                0x0000000000000b18       0x2a at90can/can/can_drv.o
                0x0000000000000b18                can_get_mob_free
 .text.can_fixed_baudrate
                0x0000000000000b42       0x1c at90can/can/can_drv.o
                0x0000000000000b42                can_fixed_baudrate
 .text.libgcc   0x0000000000000b5e       0x12 /usr/lib/gcc/avr/6.3.0/avr51/libgcc.a(_tablejump2.o)
                0x0000000000000b5e                __tablejump2__
                0x0000000000000b70                . = ALIGN (0x2)
 *(.fini9)
 .fini9         0x0000000000000b70        0x0 /usr/lib/gcc/avr/6.3.0/avr51/libgcc.a(_exit.o)
                0x0000000000000b70                exit
                0x0000000000000b70                _exit
 *(.fini9)
 *(.fini8)
 *(.fini8)
 *(.fini7)
 *(.fini7)
 *(.fini6)
 *(.fini6)
 *(.fini5)
 *(.fini5)
 *(.fini4)
 *(.fini4)
 *(.fini3)
 *(.fini3)
 *(.fini2)
 *(.fini2)
 *(.fini1)
 *(.fini1)
 *(.fini0)
 .fini0         0x0000000000000b70        0x4 /usr/lib/gcc/avr/6.3.0/avr51/libgcc.a(_exit.o)
 *(.fini0)
                0x0000000000000b74                _etext = .

.data           0x0000000000800100        0x8 load address 0x0000000000000b74
                0x0000000000800100                PROVIDE (__data_start, .)
 *(.data)
 *(.data*)
 *(.rodata)
 .rodata        0x0000000000800100        0x8 Main.o
 *(.rodata*)
 *(.gnu.linkonce.d*)
                0x0000000000800108                . = ALIGN (0x2)
                0x0000000000800108                _edata = .
                0x0000000000800108                PROVIDE (__data_end, .)

.bss            0x0000000000800108        0x0
                0x0000000000800108                PROVIDE (__bss_start, .)
 *(.bss)
 *(.bss*)
 *(COMMON)
                0x0000000000800108                PROVIDE (__bss_end, .)
                0x0000000000000b74                __data_load_start = LOADADDR (.data)
                0x0000000000000b7c                __data_load_end = (__data_load_start + SIZEOF (.data))

.noinit         0x0000000000800108        0x0
                [!provide]                        PROVIDE (__noinit_start, .)
 *(.noinit*)
                [!provide]                        PROVIDE (__noinit_end, .)
                0x0000000000800108                _end = .
                [!provide]                        PROVIDE (__heap_start, .)

.eeprom         0x0000000000810000        0x0
 *(.eeprom*)
                0x0000000000810000                __eeprom_end = .

.fuse
 *(.fuse)
 *(.lfuse)
 *(.hfuse)
 *(.efuse)

.lock
 *(.lock*)

.signature
 *(.signature*)

.stab           0x0000000000000000     0x1518
 *(.stab)
 .stab          0x0000000000000000      0x6a8 Main.o
 .stab          0x00000000000006a8      0x96c at90can/can/can_lib.o
                                        0xd50 (size before relaxing)
 .stab          0x0000000000001014      0x504 at90can/can/can_drv.o
                                        0xf48 (size before relaxing)

.stabstr        0x0000000000000000     0x18b4
 *(.stabstr)
 .stabstr       0x0000000000000000     0x18b4 Main.o

.stab.excl
 *(.stab.excl)

.stab.exclstr
 *(.stab.exclstr)

.stab.index
 *(.stab.index)

.stab.indexstr
 *(.stab.indexstr)

.comment        0x0000000000000000       0x11
 *(.comment)
 .comment       0x0000000000000000       0x11 Main.o
                                         0x12 (size before relaxing)
 .comment       0x0000000000000011       0x12 at90can/can/can_lib.o
 .comment       0x0000000000000011       0x12 at90can/can/can_drv.o

.note.gnu.avr.deviceinfo
                0x0000000000000000       0x40
 .note.gnu.avr.deviceinfo
                0x0000000000000000       0x40 /usr/lib/gcc/avr/6.3.0/../../../../avr/lib/avr51/crtat90can128.o

.note.gnu.build-id
 *(.note.gnu.build-id)

.debug
 *(.debug)

.line
 *(.line)

.debug_srcinfo
 *(.debug_srcinfo)

.debug_sfnames
 *(.debug_sfnames)

.debug_aranges
 *(.debug_aranges)

.debug_pubnames
 *(.debug_pubnames)

.debug_info     0x0000000000000000      0xa2d
 *(.debug_info .gnu.linkonce.wi.*)
 .debug_info    0x0000000000000000      0xa2d /usr/lib/gcc/avr/6.3.0/../../../../avr/lib/avr51/crtat90can128.o

.debug_abbrev   0x0000000000000000      0x9a0
 *(.debug_abbrev)
 .debug_abbrev  0x0000000000000000      0x9a0 /usr/lib/gcc/avr/6.3.0/../../../../avr/lib/avr51/crtat90can128.o

.debug_line     0x0000000000000000       0x1d
 *(.debug_line .debug_line.* .debug_line_end)
 .debug_line    0x0000000000000000       0x1d /usr/lib/gcc/avr/6.3.0/../../../../avr/lib/avr51/crtat90can128.o

.debug_frame
 *(.debug_frame)

.debug_str      0x0000000000000000      0x39f
 *(.debug_str)
 .debug_str     0x0000000000000000      0x39f /usr/lib/gcc/avr/6.3.0/../../../../avr/lib/avr51/crtat90can128.o

.debug_loc
 *(.debug_loc)

.debug_macinfo
 *(.debug_macinfo)

.debug_weaknames
 *(.debug_weaknames)

.debug_funcnames
 *(.debug_funcnames)

.debug_typenames
 *(.debug_typenames)

.debug_varnames
 *(.debug_varnames)

.debug_pubtypes
 *(.debug_pubtypes)

.debug_ranges
 *(.debug_ranges)

.debug_macro
 *(.debug_macro)
OUTPUT(avr.elf elf32-avr)
LOAD linker stubs
